<?xml version="1.0"?>
<link_info>
   <banner>TMS320C6x Linker PC v8.2.2</banner>
   <copyright>Copyright (c) 1996-2017 Texas Instruments Incorporated</copyright>
   <link_time>0x5abba0e5</link_time>
   <link_errors>0x0</link_errors>
   <output_file>R02_IMAGE_DEAL_C6748_CCSV74.out</output_file>
   <entry_point>
      <name>_c_int00</name>
      <address>0xc2000000</address>
   </entry_point>
   <input_file_list>
      <input_file id="fl-2">
         <path>.\src\</path>
         <kind>object</kind>
         <file>Ascii.obj</file>
         <name>Ascii.obj</name>
      </input_file>
      <input_file id="fl-3">
         <path>.\src\</path>
         <kind>object</kind>
         <file>LcdConst.obj</file>
         <name>LcdConst.obj</name>
      </input_file>
      <input_file id="fl-4">
         <path>.\src\</path>
         <kind>object</kind>
         <file>LcdFun.obj</file>
         <name>LcdFun.obj</name>
      </input_file>
      <input_file id="fl-5">
         <path>.\src\</path>
         <kind>object</kind>
         <file>imaged.obj</file>
         <name>imaged.obj</name>
      </input_file>
      <input_file id="fl-6">
         <path>.\src\</path>
         <kind>object</kind>
         <file>interrupt.obj</file>
         <name>interrupt.obj</name>
      </input_file>
      <input_file id="fl-7">
         <path>.\src\</path>
         <kind>object</kind>
         <file>interrupt_gpio.obj</file>
         <name>interrupt_gpio.obj</name>
      </input_file>
      <input_file id="fl-8">
         <path>.\src\</path>
         <kind>object</kind>
         <file>intvecs.obj</file>
         <name>intvecs.obj</name>
      </input_file>
      <input_file id="fl-9">
         <path>.\src\</path>
         <kind>object</kind>
         <file>main.obj</file>
         <name>main.obj</name>
      </input_file>
      <input_file id="fl-a">
         <path>.\src\</path>
         <kind>object</kind>
         <file>ov5640.obj</file>
         <name>ov5640.obj</name>
      </input_file>
      <input_file id="fl-b">
         <path>.\src\</path>
         <kind>object</kind>
         <file>rk6748.obj</file>
         <name>rk6748.obj</name>
      </input_file>
      <input_file id="fl-c">
         <path>.\src\</path>
         <kind>object</kind>
         <file>rk6748_gpio.obj</file>
         <name>rk6748_gpio.obj</name>
      </input_file>
      <input_file id="fl-d">
         <path>.\src\</path>
         <kind>object</kind>
         <file>rk6748_i2c.obj</file>
         <name>rk6748_i2c.obj</name>
      </input_file>
      <input_file id="fl-e">
         <path>.\src\</path>
         <kind>object</kind>
         <file>rk6748_lcd.obj</file>
         <name>rk6748_lcd.obj</name>
      </input_file>
      <input_file id="fl-f">
         <path>.\src\</path>
         <kind>object</kind>
         <file>rk6748_timer.obj</file>
         <name>rk6748_timer.obj</name>
      </input_file>
      <input_file id="fl-10">
         <path>.\src\</path>
         <kind>object</kind>
         <file>rk6748_uart.obj</file>
         <name>rk6748_uart.obj</name>
      </input_file>
      <input_file id="fl-11">
         <path>.\src\</path>
         <kind>object</kind>
         <file>rk6748_vpif.obj</file>
         <name>rk6748_vpif.obj</name>
      </input_file>
      <input_file id="fl-12">
         <path>.\src\</path>
         <kind>object</kind>
         <file>test_camera.obj</file>
         <name>test_camera.obj</name>
      </input_file>
      <input_file id="fl-13">
         <path>.\src\</path>
         <kind>object</kind>
         <file>test_key_interrupt.obj</file>
         <name>test_key_interrupt.obj</name>
      </input_file>
      <input_file id="fl-14">
         <path>.\src\</path>
         <kind>object</kind>
         <file>test_led.obj</file>
         <name>test_led.obj</name>
      </input_file>
      <input_file id="fl-15">
         <path>.\src\</path>
         <kind>object</kind>
         <file>test_uart.obj</file>
         <name>test_uart.obj</name>
      </input_file>
      <input_file id="fl-19">
         <kind>object</kind>
         <file>&lt;internal&gt;</file>
         <name>&lt;internal&gt;</name>
      </input_file>
      <input_file id="fl-33">
         <path>D:\opt\ti\ccsv7\tools\compiler\ti-cgt-c6000_8.2.2\lib\</path>
         <kind>archive</kind>
         <file>rts6740_elf.lib</file>
         <name>boot.obj</name>
      </input_file>
      <input_file id="fl-34">
         <path>D:\opt\ti\ccsv7\tools\compiler\ti-cgt-c6000_8.2.2\lib\</path>
         <kind>archive</kind>
         <file>rts6740_elf.lib</file>
         <name>copy_decompress_none.obj</name>
      </input_file>
      <input_file id="fl-35">
         <path>D:\opt\ti\ccsv7\tools\compiler\ti-cgt-c6000_8.2.2\lib\</path>
         <kind>archive</kind>
         <file>rts6740_elf.lib</file>
         <name>copy_decompress_rle.obj</name>
      </input_file>
      <input_file id="fl-36">
         <path>D:\opt\ti\ccsv7\tools\compiler\ti-cgt-c6000_8.2.2\lib\</path>
         <kind>archive</kind>
         <file>rts6740_elf.lib</file>
         <name>copy_zero_init.obj</name>
      </input_file>
      <input_file id="fl-37">
         <path>D:\opt\ti\ccsv7\tools\compiler\ti-cgt-c6000_8.2.2\lib\</path>
         <kind>archive</kind>
         <file>rts6740_elf.lib</file>
         <name>divi.obj</name>
      </input_file>
      <input_file id="fl-38">
         <path>D:\opt\ti\ccsv7\tools\compiler\ti-cgt-c6000_8.2.2\lib\</path>
         <kind>archive</kind>
         <file>rts6740_elf.lib</file>
         <name>divu.obj</name>
      </input_file>
      <input_file id="fl-39">
         <path>D:\opt\ti\ccsv7\tools\compiler\ti-cgt-c6000_8.2.2\lib\</path>
         <kind>archive</kind>
         <file>rts6740_elf.lib</file>
         <name>exit.obj</name>
      </input_file>
      <input_file id="fl-3a">
         <path>D:\opt\ti\ccsv7\tools\compiler\ti-cgt-c6000_8.2.2\lib\</path>
         <kind>archive</kind>
         <file>rts6740_elf.lib</file>
         <name>memcpy64.obj</name>
      </input_file>
      <input_file id="fl-3b">
         <path>D:\opt\ti\ccsv7\tools\compiler\ti-cgt-c6000_8.2.2\lib\</path>
         <kind>archive</kind>
         <file>rts6740_elf.lib</file>
         <name>memset.obj</name>
      </input_file>
      <input_file id="fl-3c">
         <path>D:\opt\ti\ccsv7\tools\compiler\ti-cgt-c6000_8.2.2\lib\</path>
         <kind>archive</kind>
         <file>rts6740_elf.lib</file>
         <name>pre_init.obj</name>
      </input_file>
      <input_file id="fl-3d">
         <path>D:\opt\ti\ccsv7\tools\compiler\ti-cgt-c6000_8.2.2\lib\</path>
         <kind>archive</kind>
         <file>rts6740_elf.lib</file>
         <name>printf.obj</name>
      </input_file>
      <input_file id="fl-3e">
         <path>D:\opt\ti\ccsv7\tools\compiler\ti-cgt-c6000_8.2.2\lib\</path>
         <kind>archive</kind>
         <file>rts6740_elf.lib</file>
         <name>sprintf.obj</name>
      </input_file>
      <input_file id="fl-3f">
         <path>D:\opt\ti\ccsv7\tools\compiler\ti-cgt-c6000_8.2.2\lib\</path>
         <kind>archive</kind>
         <file>rts6740_elf.lib</file>
         <name>strlen.obj</name>
      </input_file>
      <input_file id="fl-40">
         <path>D:\opt\ti\ccsv7\tools\compiler\ti-cgt-c6000_8.2.2\lib\</path>
         <kind>archive</kind>
         <file>rts6740_elf.lib</file>
         <name>_lock.obj</name>
      </input_file>
      <input_file id="fl-41">
         <path>D:\opt\ti\ccsv7\tools\compiler\ti-cgt-c6000_8.2.2\lib\</path>
         <kind>archive</kind>
         <file>rts6740_elf.lib</file>
         <name>_printfi.obj</name>
      </input_file>
      <input_file id="fl-42">
         <path>D:\opt\ti\ccsv7\tools\compiler\ti-cgt-c6000_8.2.2\lib\</path>
         <kind>archive</kind>
         <file>rts6740_elf.lib</file>
         <name>args_main.obj</name>
      </input_file>
      <input_file id="fl-43">
         <path>D:\opt\ti\ccsv7\tools\compiler\ti-cgt-c6000_8.2.2\lib\</path>
         <kind>archive</kind>
         <file>rts6740_elf.lib</file>
         <name>atoi.obj</name>
      </input_file>
      <input_file id="fl-44">
         <path>D:\opt\ti\ccsv7\tools\compiler\ti-cgt-c6000_8.2.2\lib\</path>
         <kind>archive</kind>
         <file>rts6740_elf.lib</file>
         <name>autoinit.obj</name>
      </input_file>
      <input_file id="fl-45">
         <path>D:\opt\ti\ccsv7\tools\compiler\ti-cgt-c6000_8.2.2\lib\</path>
         <kind>archive</kind>
         <file>rts6740_elf.lib</file>
         <name>cpy_tbl.obj</name>
      </input_file>
      <input_file id="fl-46">
         <path>D:\opt\ti\ccsv7\tools\compiler\ti-cgt-c6000_8.2.2\lib\</path>
         <kind>archive</kind>
         <file>rts6740_elf.lib</file>
         <name>ctype.obj</name>
      </input_file>
      <input_file id="fl-47">
         <path>D:\opt\ti\ccsv7\tools\compiler\ti-cgt-c6000_8.2.2\lib\</path>
         <kind>archive</kind>
         <file>rts6740_elf.lib</file>
         <name>defs.obj</name>
      </input_file>
      <input_file id="fl-48">
         <path>D:\opt\ti\ccsv7\tools\compiler\ti-cgt-c6000_8.2.2\lib\</path>
         <kind>archive</kind>
         <file>rts6740_elf.lib</file>
         <name>divd.obj</name>
      </input_file>
      <input_file id="fl-49">
         <path>D:\opt\ti\ccsv7\tools\compiler\ti-cgt-c6000_8.2.2\lib\</path>
         <kind>archive</kind>
         <file>rts6740_elf.lib</file>
         <name>fputc.obj</name>
      </input_file>
      <input_file id="fl-4a">
         <path>D:\opt\ti\ccsv7\tools\compiler\ti-cgt-c6000_8.2.2\lib\</path>
         <kind>archive</kind>
         <file>rts6740_elf.lib</file>
         <name>fputs.obj</name>
      </input_file>
      <input_file id="fl-4b">
         <path>D:\opt\ti\ccsv7\tools\compiler\ti-cgt-c6000_8.2.2\lib\</path>
         <kind>archive</kind>
         <file>rts6740_elf.lib</file>
         <name>frcmpyd_div.obj</name>
      </input_file>
      <input_file id="fl-4c">
         <path>D:\opt\ti\ccsv7\tools\compiler\ti-cgt-c6000_8.2.2\lib\</path>
         <kind>archive</kind>
         <file>rts6740_elf.lib</file>
         <name>frexp.obj</name>
      </input_file>
      <input_file id="fl-4d">
         <path>D:\opt\ti\ccsv7\tools\compiler\ti-cgt-c6000_8.2.2\lib\</path>
         <kind>archive</kind>
         <file>rts6740_elf.lib</file>
         <name>imath40.obj</name>
      </input_file>
      <input_file id="fl-4e">
         <path>D:\opt\ti\ccsv7\tools\compiler\ti-cgt-c6000_8.2.2\lib\</path>
         <kind>archive</kind>
         <file>rts6740_elf.lib</file>
         <name>imath64.obj</name>
      </input_file>
      <input_file id="fl-4f">
         <path>D:\opt\ti\ccsv7\tools\compiler\ti-cgt-c6000_8.2.2\lib\</path>
         <kind>archive</kind>
         <file>rts6740_elf.lib</file>
         <name>isinf.obj</name>
      </input_file>
      <input_file id="fl-50">
         <path>D:\opt\ti\ccsv7\tools\compiler\ti-cgt-c6000_8.2.2\lib\</path>
         <kind>archive</kind>
         <file>rts6740_elf.lib</file>
         <name>ldexp.obj</name>
      </input_file>
      <input_file id="fl-51">
         <path>D:\opt\ti\ccsv7\tools\compiler\ti-cgt-c6000_8.2.2\lib\</path>
         <kind>archive</kind>
         <file>rts6740_elf.lib</file>
         <name>llabs.obj</name>
      </input_file>
      <input_file id="fl-52">
         <path>D:\opt\ti\ccsv7\tools\compiler\ti-cgt-c6000_8.2.2\lib\</path>
         <kind>archive</kind>
         <file>rts6740_elf.lib</file>
         <name>llshift.obj</name>
      </input_file>
      <input_file id="fl-53">
         <path>D:\opt\ti\ccsv7\tools\compiler\ti-cgt-c6000_8.2.2\lib\</path>
         <kind>archive</kind>
         <file>rts6740_elf.lib</file>
         <name>ltoa.obj</name>
      </input_file>
      <input_file id="fl-54">
         <path>D:\opt\ti\ccsv7\tools\compiler\ti-cgt-c6000_8.2.2\lib\</path>
         <kind>archive</kind>
         <file>rts6740_elf.lib</file>
         <name>memccpy.obj</name>
      </input_file>
      <input_file id="fl-55">
         <path>D:\opt\ti\ccsv7\tools\compiler\ti-cgt-c6000_8.2.2\lib\</path>
         <kind>archive</kind>
         <file>rts6740_elf.lib</file>
         <name>startup.obj</name>
      </input_file>
      <input_file id="fl-56">
         <path>D:\opt\ti\ccsv7\tools\compiler\ti-cgt-c6000_8.2.2\lib\</path>
         <kind>archive</kind>
         <file>rts6740_elf.lib</file>
         <name>tls.obj</name>
      </input_file>
      <input_file id="fl-57">
         <path>D:\opt\ti\ccsv7\tools\compiler\ti-cgt-c6000_8.2.2\lib\</path>
         <kind>archive</kind>
         <file>rts6740_elf.lib</file>
         <name>tls_get_tp.obj</name>
      </input_file>
      <input_file id="fl-58">
         <path>D:\opt\ti\ccsv7\tools\compiler\ti-cgt-c6000_8.2.2\lib\</path>
         <kind>archive</kind>
         <file>rts6740_elf.lib</file>
         <name>write.obj</name>
      </input_file>
      <input_file id="fl-59">
         <path>D:\opt\ti\ccsv7\tools\compiler\ti-cgt-c6000_8.2.2\lib\</path>
         <kind>archive</kind>
         <file>rts6740_elf.lib</file>
         <name>_io_perm.obj</name>
      </input_file>
      <input_file id="fl-5a">
         <path>D:\opt\ti\ccsv7\tools\compiler\ti-cgt-c6000_8.2.2\lib\</path>
         <kind>archive</kind>
         <file>rts6740_elf.lib</file>
         <name>errno.obj</name>
      </input_file>
      <input_file id="fl-5b">
         <path>D:\opt\ti\ccsv7\tools\compiler\ti-cgt-c6000_8.2.2\lib\</path>
         <kind>archive</kind>
         <file>rts6740_elf.lib</file>
         <name>fflush.obj</name>
      </input_file>
      <input_file id="fl-5c">
         <path>D:\opt\ti\ccsv7\tools\compiler\ti-cgt-c6000_8.2.2\lib\</path>
         <kind>archive</kind>
         <file>rts6740_elf.lib</file>
         <name>fseek.obj</name>
      </input_file>
      <input_file id="fl-5d">
         <path>D:\opt\ti\ccsv7\tools\compiler\ti-cgt-c6000_8.2.2\lib\</path>
         <kind>archive</kind>
         <file>rts6740_elf.lib</file>
         <name>hostclose.obj</name>
      </input_file>
      <input_file id="fl-5e">
         <path>D:\opt\ti\ccsv7\tools\compiler\ti-cgt-c6000_8.2.2\lib\</path>
         <kind>archive</kind>
         <file>rts6740_elf.lib</file>
         <name>hostlseek.obj</name>
      </input_file>
      <input_file id="fl-5f">
         <path>D:\opt\ti\ccsv7\tools\compiler\ti-cgt-c6000_8.2.2\lib\</path>
         <kind>archive</kind>
         <file>rts6740_elf.lib</file>
         <name>hostopen.obj</name>
      </input_file>
      <input_file id="fl-60">
         <path>D:\opt\ti\ccsv7\tools\compiler\ti-cgt-c6000_8.2.2\lib\</path>
         <kind>archive</kind>
         <file>rts6740_elf.lib</file>
         <name>hostread.obj</name>
      </input_file>
      <input_file id="fl-61">
         <path>D:\opt\ti\ccsv7\tools\compiler\ti-cgt-c6000_8.2.2\lib\</path>
         <kind>archive</kind>
         <file>rts6740_elf.lib</file>
         <name>hostrename.obj</name>
      </input_file>
      <input_file id="fl-62">
         <path>D:\opt\ti\ccsv7\tools\compiler\ti-cgt-c6000_8.2.2\lib\</path>
         <kind>archive</kind>
         <file>rts6740_elf.lib</file>
         <name>hostunlink.obj</name>
      </input_file>
      <input_file id="fl-63">
         <path>D:\opt\ti\ccsv7\tools\compiler\ti-cgt-c6000_8.2.2\lib\</path>
         <kind>archive</kind>
         <file>rts6740_elf.lib</file>
         <name>hostwrite.obj</name>
      </input_file>
      <input_file id="fl-64">
         <path>D:\opt\ti\ccsv7\tools\compiler\ti-cgt-c6000_8.2.2\lib\</path>
         <kind>archive</kind>
         <file>rts6740_elf.lib</file>
         <name>lseek.obj</name>
      </input_file>
      <input_file id="fl-65">
         <path>D:\opt\ti\ccsv7\tools\compiler\ti-cgt-c6000_8.2.2\lib\</path>
         <kind>archive</kind>
         <file>rts6740_elf.lib</file>
         <name>setvbuf.obj</name>
      </input_file>
      <input_file id="fl-66">
         <path>D:\opt\ti\ccsv7\tools\compiler\ti-cgt-c6000_8.2.2\lib\</path>
         <kind>archive</kind>
         <file>rts6740_elf.lib</file>
         <name>trgmsg.obj</name>
      </input_file>
      <input_file id="fl-67">
         <path>D:\opt\ti\ccsv7\tools\compiler\ti-cgt-c6000_8.2.2\lib\</path>
         <kind>archive</kind>
         <file>rts6740_elf.lib</file>
         <name>fopen.obj</name>
      </input_file>
      <input_file id="fl-68">
         <path>D:\opt\ti\ccsv7\tools\compiler\ti-cgt-c6000_8.2.2\lib\</path>
         <kind>archive</kind>
         <file>rts6740_elf.lib</file>
         <name>memory.obj</name>
      </input_file>
      <input_file id="fl-69">
         <path>D:\opt\ti\ccsv7\tools\compiler\ti-cgt-c6000_8.2.2\lib\</path>
         <kind>archive</kind>
         <file>rts6740_elf.lib</file>
         <name>open.obj</name>
      </input_file>
      <input_file id="fl-6a">
         <path>D:\opt\ti\ccsv7\tools\compiler\ti-cgt-c6000_8.2.2\lib\</path>
         <kind>archive</kind>
         <file>rts6740_elf.lib</file>
         <name>fclose.obj</name>
      </input_file>
      <input_file id="fl-6b">
         <path>D:\opt\ti\ccsv7\tools\compiler\ti-cgt-c6000_8.2.2\lib\</path>
         <kind>archive</kind>
         <file>rts6740_elf.lib</file>
         <name>getdevice.obj</name>
      </input_file>
      <input_file id="fl-6c">
         <path>D:\opt\ti\ccsv7\tools\compiler\ti-cgt-c6000_8.2.2\lib\</path>
         <kind>archive</kind>
         <file>rts6740_elf.lib</file>
         <name>remove.obj</name>
      </input_file>
      <input_file id="fl-6d">
         <path>D:\opt\ti\ccsv7\tools\compiler\ti-cgt-c6000_8.2.2\lib\</path>
         <kind>archive</kind>
         <file>rts6740_elf.lib</file>
         <name>unlink.obj</name>
      </input_file>
      <input_file id="fl-6e">
         <path>D:\opt\ti\ccsv7\tools\compiler\ti-cgt-c6000_8.2.2\lib\</path>
         <kind>archive</kind>
         <file>rts6740_elf.lib</file>
         <name>close.obj</name>
      </input_file>
   </input_file_list>
   <object_component_list>
      <object_component id="oc-4db">
         <name>.cinit..fardata.load</name>
         <load_address>0xc2493ad0</load_address>
         <run_address>0xc2493ad0</run_address>
         <size>0x7c</size>
      </object_component>
      <object_component id="oc-4dd">
         <name>.cinit..rodata.load</name>
         <load_address>0xc2493b4c</load_address>
         <run_address>0xc2493b4c</run_address>
         <size>0xe</size>
      </object_component>
      <object_component id="oc-4da">
         <name>.cinit..far.load</name>
         <load_address>0xc2493b5a</load_address>
         <run_address>0xc2493b5a</run_address>
         <size>0xb</size>
      </object_component>
      <object_component id="oc-4d9">
         <name>.cinit..bss.load</name>
         <load_address>0xc2493b65</load_address>
         <run_address>0xc2493b65</run_address>
         <size>0x9</size>
      </object_component>
      <object_component id="oc-4dc">
         <name>.cinit..neardata.load</name>
         <load_address>0xc2493b6e</load_address>
         <run_address>0xc2493b6e</run_address>
         <size>0x9</size>
      </object_component>
      <object_component id="oc-4d7">
         <name>__TI_handler_table</name>
         <load_address>0xc2493b78</load_address>
         <run_address>0xc2493b78</run_address>
         <size>0x8</size>
      </object_component>
      <object_component id="oc-4d8">
         <name>__TI_cinit_table</name>
         <load_address>0xc2493b80</load_address>
         <run_address>0xc2493b80</run_address>
         <size>0x28</size>
      </object_component>
      <object_component id="oc-15d">
         <name>.const:bianyuan_d</name>
         <load_address>0xc20000a0</load_address>
         <run_address>0xc20000a0</run_address>
         <size>0x96000</size>
         <input_file_ref idref="fl-5"/>
      </object_component>
      <object_component id="oc-102">
         <name>.const:finish</name>
         <load_address>0xc20960a0</load_address>
         <run_address>0xc20960a0</run_address>
         <size>0x96000</size>
         <input_file_ref idref="fl-9"/>
      </object_component>
      <object_component id="oc-160">
         <name>.const:huihua_d</name>
         <load_address>0xc212c0a0</load_address>
         <run_address>0xc212c0a0</run_address>
         <size>0x96000</size>
         <input_file_ref idref="fl-5"/>
      </object_component>
      <object_component id="oc-166">
         <name>.const:shibie_d</name>
         <load_address>0xc21c20a0</load_address>
         <run_address>0xc21c20a0</run_address>
         <size>0x96000</size>
         <input_file_ref idref="fl-5"/>
      </object_component>
      <object_component id="oc-ff">
         <name>.const:welcome</name>
         <load_address>0xc22580a0</load_address>
         <run_address>0xc22580a0</run_address>
         <size>0x96000</size>
         <input_file_ref idref="fl-9"/>
      </object_component>
      <object_component id="oc-163">
         <name>.const:yuzhi_d</name>
         <load_address>0xc22ee0a0</load_address>
         <run_address>0xc22ee0a0</run_address>
         <size>0x96000</size>
         <input_file_ref idref="fl-5"/>
      </object_component>
      <object_component id="oc-214">
         <name>.const:.string:OV5640_AF_Config</name>
         <load_address>0xc23840a0</load_address>
         <run_address>0xc23840a0</run_address>
         <size>0xfed</size>
         <input_file_ref idref="fl-a"/>
      </object_component>
      <object_component id="oc-1fe">
         <name>.const:ov5640_init_reg_tbl</name>
         <load_address>0xc2385090</load_address>
         <run_address>0xc2385090</run_address>
         <size>0x33c</size>
         <input_file_ref idref="fl-a"/>
      </object_component>
      <object_component id="oc-17d">
         <name>.const:.string</name>
         <load_address>0xc23853cc</load_address>
         <run_address>0xc23853cc</run_address>
         <size>0x114</size>
         <input_file_ref idref="fl-12"/>
      </object_component>
      <object_component id="oc-2f1">
         <name>.const:.string:_ctypes_</name>
         <load_address>0xc23854e0</load_address>
         <run_address>0xc23854e0</run_address>
         <size>0x101</size>
         <input_file_ref idref="fl-46"/>
      </object_component>
      <object_component id="oc-15c">
         <name>.const:.string</name>
         <load_address>0xc23855e4</load_address>
         <run_address>0xc23855e4</run_address>
         <size>0xe0</size>
         <input_file_ref idref="fl-13"/>
      </object_component>
      <object_component id="oc-16e">
         <name>.const:.string</name>
         <load_address>0xc23856c4</load_address>
         <run_address>0xc23856c4</run_address>
         <size>0xb4</size>
         <input_file_ref idref="fl-e"/>
      </object_component>
      <object_component id="oc-204">
         <name>.const:ov5640_rgb565_reg_tbl</name>
         <load_address>0xc2385778</load_address>
         <run_address>0xc2385778</run_address>
         <size>0xb4</size>
         <input_file_ref idref="fl-a"/>
      </object_component>
      <object_component id="oc-201">
         <name>.const:OV5640_jpeg_reg_tbl</name>
         <load_address>0xc2385830</load_address>
         <run_address>0xc2385830</run_address>
         <size>0xa4</size>
         <input_file_ref idref="fl-a"/>
      </object_component>
      <object_component id="oc-19e">
         <name>.const:bitval_u32</name>
         <load_address>0xc23858d8</load_address>
         <run_address>0xc23858d8</run_address>
         <size>0x80</size>
         <input_file_ref idref="fl-c"/>
      </object_component>
      <object_component id="oc-143">
         <name>.const:.string</name>
         <load_address>0xc2385958</load_address>
         <run_address>0xc2385958</run_address>
         <size>0x74</size>
         <input_file_ref idref="fl-14"/>
      </object_component>
      <object_component id="oc-1a3">
         <name>.const:.string</name>
         <load_address>0xc23859cc</load_address>
         <run_address>0xc23859cc</run_address>
         <size>0x54</size>
         <input_file_ref idref="fl-b"/>
      </object_component>
      <object_component id="oc-207">
         <name>.const:OV5640_EXPOSURE_TBL</name>
         <load_address>0xc2385a20</load_address>
         <run_address>0xc2385a20</run_address>
         <size>0x2a</size>
         <input_file_ref idref="fl-a"/>
      </object_component>
      <object_component id="oc-20d">
         <name>.const:OV5640_SATURATION_TBL</name>
         <load_address>0xc2385a50</load_address>
         <run_address>0xc2385a50</run_address>
         <size>0x2a</size>
         <input_file_ref idref="fl-a"/>
      </object_component>
      <object_component id="oc-28c">
         <name>.const:.string</name>
         <load_address>0xc2385a7c</load_address>
         <run_address>0xc2385a7c</run_address>
         <size>0x24</size>
         <input_file_ref idref="fl-41"/>
      </object_component>
      <object_component id="oc-20a">
         <name>.const:OV5640_LIGHTMODE_TBL</name>
         <load_address>0xc2385aa0</load_address>
         <run_address>0xc2385aa0</run_address>
         <size>0x23</size>
         <input_file_ref idref="fl-a"/>
      </object_component>
      <object_component id="oc-211">
         <name>.const:OV5640_EFFECTS_TBL</name>
         <load_address>0xc2385ac8</load_address>
         <run_address>0xc2385ac8</run_address>
         <size>0x15</size>
         <input_file_ref idref="fl-a"/>
      </object_component>
      <object_component id="oc-1fd">
         <name>.const:.string</name>
         <load_address>0xc2385ae0</load_address>
         <run_address>0xc2385ae0</run_address>
         <size>0xc</size>
         <input_file_ref idref="fl-a"/>
      </object_component>
      <object_component id="oc-28d">
         <name>.switch:__TI_printfi</name>
         <load_address>0xc2485af0</load_address>
         <run_address>0xc2485af0</run_address>
         <size>0x38</size>
         <input_file_ref idref="fl-41"/>
      </object_component>
      <object_component id="oc-19d">
         <name>.switch:getRegisterBankAndBit</name>
         <load_address>0xc2485b28</load_address>
         <run_address>0xc2485b28</run_address>
         <size>0x24</size>
         <input_file_ref idref="fl-c"/>
      </object_component>
      <object_component id="oc-210">
         <name>.switch:OV5640_Contrast</name>
         <load_address>0xc2485b4c</load_address>
         <run_address>0xc2485b4c</run_address>
         <size>0x1c</size>
         <input_file_ref idref="fl-a"/>
      </object_component>
      <object_component id="oc-169">
         <name>.switch:start_keys_scan</name>
         <load_address>0xc2485b68</load_address>
         <run_address>0xc2485b68</run_address>
         <size>0x1c</size>
         <input_file_ref idref="fl-13"/>
      </object_component>
      <object_component id="oc-1e1">
         <name>.switch:GPIOIntTypeSet</name>
         <load_address>0xc2485b84</load_address>
         <run_address>0xc2485b84</run_address>
         <size>0x10</size>
         <input_file_ref idref="fl-7"/>
      </object_component>
      <object_component id="oc-21">
         <name>.text:_c_int00</name>
         <load_address>0xc2000000</load_address>
         <run_address>0xc2000000</run_address>
         <size>0x80</size>
         <input_file_ref idref="fl-33"/>
      </object_component>
      <object_component id="oc-4e1">
         <name>$Tramp$S$$_auto_init_elf</name>
         <load_address>0xc2000080</load_address>
         <run_address>0xc2000080</run_address>
         <size>0x10</size>
         <input_file_ref idref="fl-44"/>
      </object_component>
      <object_component id="oc-4e0">
         <name>$Tramp$S$$_system_pre_init</name>
         <load_address>0xc2000090</load_address>
         <run_address>0xc2000090</run_address>
         <size>0x10</size>
         <input_file_ref idref="fl-3c"/>
      </object_component>
      <object_component id="oc-1c6">
         <name>.text:__TI_printfi</name>
         <load_address>0xc2485c00</load_address>
         <run_address>0xc2485c00</run_address>
         <size>0x1ce0</size>
         <input_file_ref idref="fl-41"/>
      </object_component>
      <object_component id="oc-2c">
         <name>.text:retain</name>
         <load_address>0xc24878e0</load_address>
         <run_address>0xc24878e0</run_address>
         <size>0x1240</size>
         <input_file_ref idref="fl-6"/>
      </object_component>
      <object_component id="oc-171">
         <name>.text</name>
         <load_address>0xc2488b20</load_address>
         <run_address>0xc2488b20</run_address>
         <size>0xf80</size>
         <input_file_ref idref="fl-a"/>
      </object_component>
      <object_component id="oc-137">
         <name>.text</name>
         <load_address>0xc2489aa0</load_address>
         <run_address>0xc2489aa0</run_address>
         <size>0x880</size>
         <input_file_ref idref="fl-b"/>
      </object_component>
      <object_component id="oc-280">
         <name>.text:_pconv_a</name>
         <load_address>0xc248a320</load_address>
         <run_address>0xc248a320</run_address>
         <size>0x680</size>
         <input_file_ref idref="fl-41"/>
      </object_component>
      <object_component id="oc-145">
         <name>.text</name>
         <load_address>0xc248a9a0</load_address>
         <run_address>0xc248a9a0</run_address>
         <size>0x620</size>
         <input_file_ref idref="fl-6"/>
      </object_component>
      <object_component id="oc-305">
         <name>.text:__c6xabi_divd</name>
         <load_address>0xc248afc0</load_address>
         <run_address>0xc248afc0</run_address>
         <size>0x5c0</size>
         <input_file_ref idref="fl-48"/>
      </object_component>
      <object_component id="oc-153">
         <name>.text</name>
         <load_address>0xc248b580</load_address>
         <run_address>0xc248b580</run_address>
         <size>0x5a0</size>
         <input_file_ref idref="fl-7"/>
      </object_component>
      <object_component id="oc-14b">
         <name>.text</name>
         <load_address>0xc248bb20</load_address>
         <run_address>0xc248bb20</run_address>
         <size>0x560</size>
         <input_file_ref idref="fl-10"/>
      </object_component>
      <object_component id="oc-ed">
         <name>.text</name>
         <load_address>0xc248c080</load_address>
         <run_address>0xc248c080</run_address>
         <size>0x560</size>
         <input_file_ref idref="fl-13"/>
      </object_component>
      <object_component id="oc-177">
         <name>.text</name>
         <load_address>0xc248c5e0</load_address>
         <run_address>0xc248c5e0</run_address>
         <size>0x520</size>
         <input_file_ref idref="fl-11"/>
      </object_component>
      <object_component id="oc-26e">
         <name>.text:_pconv_g</name>
         <load_address>0xc248cb00</load_address>
         <run_address>0xc248cb00</run_address>
         <size>0x500</size>
         <input_file_ref idref="fl-41"/>
      </object_component>
      <object_component id="oc-f3">
         <name>.text</name>
         <load_address>0xc248d000</load_address>
         <run_address>0xc248d000</run_address>
         <size>0x4e0</size>
         <input_file_ref idref="fl-e"/>
      </object_component>
      <object_component id="oc-3a0">
         <name>.text:free</name>
         <load_address>0xc248d4e0</load_address>
         <run_address>0xc248d4e0</run_address>
         <size>0x440</size>
         <input_file_ref idref="fl-68"/>
      </object_component>
      <object_component id="oc-27a">
         <name>.text:_pconv_e</name>
         <load_address>0xc248d920</load_address>
         <run_address>0xc248d920</run_address>
         <size>0x420</size>
         <input_file_ref idref="fl-41"/>
      </object_component>
      <object_component id="oc-24f">
         <name>.text:fputs</name>
         <load_address>0xc248dd40</load_address>
         <run_address>0xc248dd40</run_address>
         <size>0x3e0</size>
         <input_file_ref idref="fl-4a"/>
      </object_component>
      <object_component id="oc-1f7">
         <name>.text</name>
         <load_address>0xc248e120</load_address>
         <run_address>0xc248e120</run_address>
         <size>0x3a0</size>
         <input_file_ref idref="fl-d"/>
      </object_component>
      <object_component id="oc-274">
         <name>.text:_pconv_f</name>
         <load_address>0xc248e4c0</load_address>
         <run_address>0xc248e4c0</run_address>
         <size>0x2a0</size>
         <input_file_ref idref="fl-41"/>
      </object_component>
      <object_component id="oc-318">
         <name>.text:fcvt</name>
         <load_address>0xc248e760</load_address>
         <run_address>0xc248e760</run_address>
         <size>0x2a0</size>
         <input_file_ref idref="fl-41"/>
      </object_component>
      <object_component id="oc-131">
         <name>.text</name>
         <load_address>0xc248ea00</load_address>
         <run_address>0xc248ea00</run_address>
         <size>0x2a0</size>
         <input_file_ref idref="fl-c"/>
      </object_component>
      <object_component id="oc-db">
         <name>.text</name>
         <load_address>0xc248eca0</load_address>
         <run_address>0xc248eca0</run_address>
         <size>0x2a0</size>
         <input_file_ref idref="fl-f"/>
      </object_component>
      <object_component id="oc-2f7">
         <name>.text:__c6xabi_divull</name>
         <load_address>0xc248ef40</load_address>
         <run_address>0xc248ef40</run_address>
         <size>0x260</size>
         <input_file_ref idref="fl-4e"/>
      </object_component>
      <object_component id="oc-9c">
         <name>.text</name>
         <load_address>0xc248f1a0</load_address>
         <run_address>0xc248f1a0</run_address>
         <size>0x240</size>
         <input_file_ref idref="fl-9"/>
      </object_component>
      <object_component id="oc-248">
         <name>.text:fputc</name>
         <load_address>0xc248f3e0</load_address>
         <run_address>0xc248f3e0</run_address>
         <size>0x220</size>
         <input_file_ref idref="fl-49"/>
      </object_component>
      <object_component id="oc-341">
         <name>.text:setvbuf</name>
         <load_address>0xc248f600</load_address>
         <run_address>0xc248f600</run_address>
         <size>0x220</size>
         <input_file_ref idref="fl-65"/>
      </object_component>
      <object_component id="oc-262">
         <name>.text:_ltostr</name>
         <load_address>0xc248f820</load_address>
         <run_address>0xc248f820</run_address>
         <size>0x200</size>
         <input_file_ref idref="fl-41"/>
      </object_component>
      <object_component id="oc-2fd">
         <name>.text:__c6xabi_divul</name>
         <load_address>0xc248fa20</load_address>
         <run_address>0xc248fa20</run_address>
         <size>0x1c0</size>
         <input_file_ref idref="fl-4d"/>
      </object_component>
      <object_component id="oc-384">
         <name>.text:__c6xabi_errno_addr</name>
         <load_address>0xc248fbe0</load_address>
         <run_address>0xc248fbe0</run_address>
         <size>0x20</size>
         <input_file_ref idref="fl-5a"/>
      </object_component>
      <object_component id="oc-22">
         <name>.text</name>
         <load_address>0xc248fc00</load_address>
         <run_address>0xc248fc00</run_address>
         <size>0x200</size>
         <input_file_ref idref="fl-8"/>
      </object_component>
      <object_component id="oc-320">
         <name>.text:frexp</name>
         <load_address>0xc248fe00</load_address>
         <run_address>0xc248fe00</run_address>
         <size>0x1c0</size>
         <input_file_ref idref="fl-4c"/>
      </object_component>
      <object_component id="oc-433">
         <name>.text:HOSTrename</name>
         <load_address>0xc248ffc0</load_address>
         <run_address>0xc248ffc0</run_address>
         <size>0x1a0</size>
         <input_file_ref idref="fl-61"/>
      </object_component>
      <object_component id="oc-326">
         <name>.text:ldexp</name>
         <load_address>0xc2490160</load_address>
         <run_address>0xc2490160</run_address>
         <size>0x180</size>
         <input_file_ref idref="fl-50"/>
      </object_component>
      <object_component id="oc-3a6">
         <name>.text:malloc</name>
         <load_address>0xc24902e0</load_address>
         <run_address>0xc24902e0</run_address>
         <size>0x180</size>
         <input_file_ref idref="fl-68"/>
      </object_component>
      <object_component id="oc-6e">
         <name>.text:_auto_init_elf</name>
         <load_address>0xc2490460</load_address>
         <run_address>0xc2490460</run_address>
         <size>0x160</size>
         <input_file_ref idref="fl-44"/>
      </object_component>
      <object_component id="oc-3ef">
         <name>.text:__TI_closefile</name>
         <load_address>0xc24905c0</load_address>
         <run_address>0xc24905c0</run_address>
         <size>0x140</size>
         <input_file_ref idref="fl-6a"/>
      </object_component>
      <object_component id="oc-47c">
         <name>.text:getdevice</name>
         <load_address>0xc2490700</load_address>
         <run_address>0xc2490700</run_address>
         <size>0x140</size>
         <input_file_ref idref="fl-6b"/>
      </object_component>
      <object_component id="oc-33b">
         <name>.text:fseek</name>
         <load_address>0xc2490840</load_address>
         <run_address>0xc2490840</run_address>
         <size>0x120</size>
         <input_file_ref idref="fl-5c"/>
      </object_component>
      <object_component id="oc-f9">
         <name>.text</name>
         <load_address>0xc2490960</load_address>
         <run_address>0xc2490960</run_address>
         <size>0x120</size>
         <input_file_ref idref="fl-12"/>
      </object_component>
      <object_component id="oc-e1">
         <name>.text</name>
         <load_address>0xc2490a80</load_address>
         <run_address>0xc2490a80</run_address>
         <size>0x120</size>
         <input_file_ref idref="fl-14"/>
      </object_component>
      <object_component id="oc-44">
         <name>.text:__TI_decompress_rle_core</name>
         <load_address>0xc2490ba0</load_address>
         <run_address>0xc2490ba0</run_address>
         <size>0x100</size>
         <input_file_ref idref="fl-35"/>
      </object_component>
      <object_component id="oc-2db">
         <name>.text:__TI_wrt_ok</name>
         <load_address>0xc2490ca0</load_address>
         <run_address>0xc2490ca0</run_address>
         <size>0x100</size>
         <input_file_ref idref="fl-59"/>
      </object_component>
      <object_component id="oc-256">
         <name>.text:atoi</name>
         <load_address>0xc2490da0</load_address>
         <run_address>0xc2490da0</run_address>
         <size>0x100</size>
         <input_file_ref idref="fl-43"/>
      </object_component>
      <object_component id="oc-b0">
         <name>.text:copy_in</name>
         <load_address>0xc2490ea0</load_address>
         <run_address>0xc2490ea0</run_address>
         <size>0x100</size>
         <input_file_ref idref="fl-45"/>
      </object_component>
      <object_component id="oc-e7">
         <name>.text</name>
         <load_address>0xc2490fa0</load_address>
         <run_address>0xc2490fa0</run_address>
         <size>0x100</size>
         <input_file_ref idref="fl-15"/>
      </object_component>
      <object_component id="oc-427">
         <name>.text:HOSTlseek</name>
         <load_address>0xc24910a0</load_address>
         <run_address>0xc24910a0</run_address>
         <size>0xe0</size>
         <input_file_ref idref="fl-5e"/>
      </object_component>
      <object_component id="oc-40f">
         <name>.text:HOSTopen</name>
         <load_address>0xc2491180</load_address>
         <run_address>0xc2491180</run_address>
         <size>0xe0</size>
         <input_file_ref idref="fl-5f"/>
      </object_component>
      <object_component id="oc-421">
         <name>.text:HOSTwrite</name>
         <load_address>0xc2491260</load_address>
         <run_address>0xc2491260</run_address>
         <size>0xe0</size>
         <input_file_ref idref="fl-63"/>
      </object_component>
      <object_component id="oc-44a">
         <name>.text:close</name>
         <load_address>0xc2491340</load_address>
         <run_address>0xc2491340</run_address>
         <size>0xe0</size>
         <input_file_ref idref="fl-6e"/>
      </object_component>
      <object_component id="oc-62">
         <name>.text:exit</name>
         <load_address>0xc2491420</load_address>
         <run_address>0xc2491420</run_address>
         <size>0xe0</size>
         <input_file_ref idref="fl-39"/>
      </object_component>
      <object_component id="oc-30b">
         <name>.text:ltoa</name>
         <load_address>0xc2491500</load_address>
         <run_address>0xc2491500</run_address>
         <size>0xe0</size>
         <input_file_ref idref="fl-53"/>
      </object_component>
      <object_component id="oc-50">
         <name>.text:memset</name>
         <load_address>0xc24915e0</load_address>
         <run_address>0xc24915e0</run_address>
         <size>0xe0</size>
         <input_file_ref idref="fl-3b"/>
      </object_component>
      <object_component id="oc-13d">
         <name>.text:printf</name>
         <load_address>0xc24916c0</load_address>
         <run_address>0xc24916c0</run_address>
         <size>0xe0</size>
         <input_file_ref idref="fl-3d"/>
      </object_component>
      <object_component id="oc-41b">
         <name>.text:HOSTread</name>
         <load_address>0xc24917a0</load_address>
         <run_address>0xc24917a0</run_address>
         <size>0xc0</size>
         <input_file_ref idref="fl-60"/>
      </object_component>
      <object_component id="oc-42d">
         <name>.text:HOSTunlink</name>
         <load_address>0xc2491860</load_address>
         <run_address>0xc2491860</run_address>
         <size>0xc0</size>
         <input_file_ref idref="fl-62"/>
      </object_component>
      <object_component id="oc-2e7">
         <name>.text:__TI_doflush</name>
         <load_address>0xc2491920</load_address>
         <run_address>0xc2491920</run_address>
         <size>0xc0</size>
         <input_file_ref idref="fl-5b"/>
      </object_component>
      <object_component id="oc-1d2">
         <name>.text:__divu</name>
         <load_address>0xc24919e0</load_address>
         <run_address>0xc24919e0</run_address>
         <size>0xc0</size>
         <input_file_ref idref="fl-38"/>
      </object_component>
      <object_component id="oc-311">
         <name>.text:_ecpy</name>
         <load_address>0xc2491aa0</load_address>
         <run_address>0xc2491aa0</run_address>
         <size>0xc0</size>
         <input_file_ref idref="fl-41"/>
      </object_component>
      <object_component id="oc-3ff">
         <name>.text:mremove</name>
         <load_address>0xc2491b60</load_address>
         <run_address>0xc2491b60</run_address>
         <size>0xc0</size>
         <input_file_ref idref="fl-68"/>
      </object_component>
      <object_component id="oc-bc">
         <name>.text:tls:init:__TI_tls_init</name>
         <load_address>0xc2491c20</load_address>
         <run_address>0xc2491c20</run_address>
         <size>0xc0</size>
         <input_file_ref idref="fl-56"/>
      </object_component>
      <object_component id="oc-415">
         <name>.text:HOSTclose</name>
         <load_address>0xc2491ce0</load_address>
         <run_address>0xc2491ce0</run_address>
         <size>0xa0</size>
         <input_file_ref idref="fl-5d"/>
      </object_component>
      <object_component id="oc-39a">
         <name>.text:__TI_cleanup</name>
         <load_address>0xc2491d80</load_address>
         <run_address>0xc2491d80</run_address>
         <size>0xa0</size>
         <input_file_ref idref="fl-67"/>
      </object_component>
      <object_component id="oc-406">
         <name>.text:_minit</name>
         <load_address>0xc2491e20</load_address>
         <run_address>0xc2491e20</run_address>
         <size>0xa0</size>
         <input_file_ref idref="fl-68"/>
      </object_component>
      <object_component id="oc-38">
         <name>.text:memcpy</name>
         <load_address>0xc2491ec0</load_address>
         <run_address>0xc2491ec0</run_address>
         <size>0xa0</size>
         <input_file_ref idref="fl-3a"/>
      </object_component>
      <object_component id="oc-3f9">
         <name>.text:minsert</name>
         <load_address>0xc2491f60</load_address>
         <run_address>0xc2491f60</run_address>
         <size>0xa0</size>
         <input_file_ref idref="fl-68"/>
      </object_component>
      <object_component id="oc-467">
         <name>.text:__TI_readmsg</name>
         <load_address>0xc2492000</load_address>
         <run_address>0xc2492000</run_address>
         <size>0x80</size>
         <input_file_ref idref="fl-66"/>
      </object_component>
      <object_component id="oc-359">
         <name>.text:__c6xabi_llshl</name>
         <load_address>0xc2492080</load_address>
         <run_address>0xc2492080</run_address>
         <size>0x80</size>
         <input_file_ref idref="fl-52"/>
      </object_component>
      <object_component id="oc-49c">
         <name>.text:finddevice</name>
         <load_address>0xc2492100</load_address>
         <run_address>0xc2492100</run_address>
         <size>0x80</size>
         <input_file_ref idref="fl-6b"/>
      </object_component>
      <object_component id="oc-450">
         <name>.text:unlink</name>
         <load_address>0xc2492180</load_address>
         <run_address>0xc2492180</run_address>
         <size>0x80</size>
         <input_file_ref idref="fl-6d"/>
      </object_component>
      <object_component id="oc-461">
         <name>.text:__TI_writemsg</name>
         <load_address>0xc2492200</load_address>
         <run_address>0xc2492200</run_address>
         <size>0x60</size>
         <input_file_ref idref="fl-66"/>
      </object_component>
      <object_component id="oc-365">
         <name>.text:__c6xabi_llshru</name>
         <load_address>0xc2492260</load_address>
         <run_address>0xc2492260</run_address>
         <size>0x60</size>
         <input_file_ref idref="fl-52"/>
      </object_component>
      <object_component id="oc-35f">
         <name>.text:_subcull</name>
         <load_address>0xc24922c0</load_address>
         <run_address>0xc24922c0</run_address>
         <size>0x60</size>
         <input_file_ref idref="fl-4e"/>
      </object_component>
      <object_component id="oc-392">
         <name>.text:lseek</name>
         <load_address>0xc2492320</load_address>
         <run_address>0xc2492320</run_address>
         <size>0x60</size>
         <input_file_ref idref="fl-64"/>
      </object_component>
      <object_component id="oc-286">
         <name>.text:memccpy</name>
         <load_address>0xc2492380</load_address>
         <run_address>0xc2492380</run_address>
         <size>0x60</size>
         <input_file_ref idref="fl-54"/>
      </object_component>
      <object_component id="oc-1a4">
         <name>.text:sprintf</name>
         <load_address>0xc24923e0</load_address>
         <run_address>0xc24923e0</run_address>
         <size>0x60</size>
         <input_file_ref idref="fl-3e"/>
      </object_component>
      <object_component id="oc-2e1">
         <name>.text:write</name>
         <load_address>0xc2492440</load_address>
         <run_address>0xc2492440</run_address>
         <size>0x60</size>
         <input_file_ref idref="fl-58"/>
      </object_component>
      <object_component id="oc-36f">
         <name>.text:__TI_frcmpyd_div</name>
         <load_address>0xc24924a0</load_address>
         <run_address>0xc24924a0</run_address>
         <size>0x40</size>
         <input_file_ref idref="fl-4b"/>
      </object_component>
      <object_component id="oc-268">
         <name>.text:__c6xabi_isinf</name>
         <load_address>0xc24924e0</load_address>
         <run_address>0xc24924e0</run_address>
         <size>0x40</size>
         <input_file_ref idref="fl-4f"/>
      </object_component>
      <object_component id="oc-25c">
         <name>.text:__c6xabi_isnan</name>
         <load_address>0xc2492520</load_address>
         <run_address>0xc2492520</run_address>
         <size>0x40</size>
         <input_file_ref idref="fl-41"/>
      </object_component>
      <object_component id="oc-5c">
         <name>.text:_args_main</name>
         <load_address>0xc2492560</load_address>
         <run_address>0xc2492560</run_address>
         <size>0x40</size>
         <input_file_ref idref="fl-42"/>
      </object_component>
      <object_component id="oc-22f">
         <name>.text:_outs</name>
         <load_address>0xc24925a0</load_address>
         <run_address>0xc24925a0</run_address>
         <size>0x40</size>
         <input_file_ref idref="fl-3e"/>
      </object_component>
      <object_component id="oc-239">
         <name>.text:_nop</name>
         <load_address>0xc24925e0</load_address>
         <run_address>0xc24925e0</run_address>
         <size>0x20</size>
         <input_file_ref idref="fl-40"/>
      </object_component>
      <object_component id="oc-1ba">
         <name>.text:_outc</name>
         <load_address>0xc2492600</load_address>
         <run_address>0xc2492600</run_address>
         <size>0x20</size>
         <input_file_ref idref="fl-3d"/>
      </object_component>
      <object_component id="oc-229">
         <name>.text:_outc</name>
         <load_address>0xc2492620</load_address>
         <run_address>0xc2492620</run_address>
         <size>0x20</size>
         <input_file_ref idref="fl-3e"/>
      </object_component>
      <object_component id="oc-1c0">
         <name>.text:_outs</name>
         <load_address>0xc2492640</load_address>
         <run_address>0xc2492640</run_address>
         <size>0x20</size>
         <input_file_ref idref="fl-3d"/>
      </object_component>
      <object_component id="oc-b6">
         <name>.text:_system_post_cinit</name>
         <load_address>0xc2492660</load_address>
         <run_address>0xc2492660</run_address>
         <size>0x20</size>
         <input_file_ref idref="fl-55"/>
      </object_component>
      <object_component id="oc-68">
         <name>.text:_system_pre_init</name>
         <load_address>0xc2492680</load_address>
         <run_address>0xc2492680</run_address>
         <size>0x20</size>
         <input_file_ref idref="fl-3c"/>
      </object_component>
      <object_component id="oc-a7">
         <name>.text:abort</name>
         <load_address>0xc24926a0</load_address>
         <run_address>0xc24926a0</run_address>
         <size>0x20</size>
         <input_file_ref idref="fl-39"/>
      </object_component>
      <object_component id="oc-f">
         <name>.text:decompress:none:__TI_decompress_none</name>
         <load_address>0xc24926c0</load_address>
         <run_address>0xc24926c0</run_address>
         <size>0x20</size>
         <input_file_ref idref="fl-34"/>
      </object_component>
      <object_component id="oc-15">
         <name>.text:decompress:rle24:__TI_decompress_rle24</name>
         <load_address>0xc24926e0</load_address>
         <run_address>0xc24926e0</run_address>
         <size>0x20</size>
         <input_file_ref idref="fl-35"/>
      </object_component>
      <object_component id="oc-76">
         <name>.far:c674xISRtbl</name>
         <uninitialized>true</uninitialized>
         <run_address>0xc2493640</run_address>
         <size>0x40</size>
         <input_file_ref idref="fl-6"/>
      </object_component>
      <object_component id="oc-1ce">
         <name>.far:c674xECMtbl</name>
         <uninitialized>true</uninitialized>
         <run_address>0xc2493300</run_address>
         <size>0x200</size>
         <input_file_ref idref="fl-6"/>
      </object_component>
      <object_component id="oc-1dd">
         <name>.common:LRecvBuf</name>
         <uninitialized>true</uninitialized>
         <run_address>0xc2492f00</run_address>
         <size>0x400</size>
      </object_component>
      <object_component id="oc-456">
         <name>.common:__TI_tmpnams</name>
         <uninitialized>true</uninitialized>
         <run_address>0xc2493500</run_address>
         <size>0x140</size>
      </object_component>
      <object_component id="oc-45e">
         <name>.common:parmbuf</name>
         <uninitialized>true</uninitialized>
         <run_address>0xc2493680</run_address>
         <size>0x8</size>
      </object_component>
      <object_component id="oc-32">
         <name>.stack</name>
         <uninitialized>true</uninitialized>
         <run_address>0xc2385af0</run_address>
         <size>0x8</size>
         <input_file_ref idref="fl-33"/>
      </object_component>
      <object_component id="oc-4de">
         <name>.stack</name>
         <uninitialized>true</uninitialized>
         <run_address>0xc2385af0</run_address>
         <size>0x0</size>
      </object_component>
      <object_component id="oc-35">
         <name>.sysmem</name>
         <uninitialized>true</uninitialized>
         <run_address>0xc2492700</run_address>
         <size>0x8</size>
         <input_file_ref idref="fl-68"/>
      </object_component>
      <object_component id="oc-4df">
         <name>.sysmem</name>
         <uninitialized>true</uninitialized>
         <run_address>0xc2492700</run_address>
         <size>0x0</size>
      </object_component>
      <object_component id="oc-488">
         <name>.cio</name>
         <uninitialized>true</uninitialized>
         <run_address>0xc24939b0</run_address>
         <size>0x120</size>
         <input_file_ref idref="fl-66"/>
      </object_component>
      <object_component id="oc-1d7">
         <name>.fardata:RK6748_uartBase</name>
         <load_address>0xc2493980</load_address>
         <run_address>0xc2493980</run_address>
         <size>0xc</size>
         <input_file_ref idref="fl-10"/>
      </object_component>
      <object_component id="oc-a4">
         <name>.fardata</name>
         <load_address>0xc249398c</load_address>
         <run_address>0xc249398c</run_address>
         <size>0xc</size>
         <input_file_ref idref="fl-39"/>
      </object_component>
      <object_component id="oc-1b1">
         <name>.fardata:_lock</name>
         <load_address>0xc24939a0</load_address>
         <run_address>0xc24939a0</run_address>
         <size>0x4</size>
         <input_file_ref idref="fl-40"/>
      </object_component>
      <object_component id="oc-1b7">
         <name>.fardata:_unlock</name>
         <load_address>0xc24939a4</load_address>
         <run_address>0xc24939a4</run_address>
         <size>0x4</size>
         <input_file_ref idref="fl-40"/>
      </object_component>
      <object_component id="oc-1b4">
         <name>.fardata:_ftable</name>
         <load_address>0xc2493688</load_address>
         <run_address>0xc2493688</run_address>
         <size>0x1e0</size>
         <input_file_ref idref="fl-47"/>
      </object_component>
      <object_component id="oc-3ec">
         <name>.fardata</name>
         <load_address>0xc24939a8</load_address>
         <run_address>0xc24939a8</run_address>
         <size>0x4</size>
         <input_file_ref idref="fl-47"/>
      </object_component>
      <object_component id="oc-3b5">
         <name>.fardata:_device</name>
         <load_address>0xc2493908</load_address>
         <run_address>0xc2493908</run_address>
         <size>0x78</size>
         <input_file_ref idref="fl-58"/>
      </object_component>
      <object_component id="oc-349">
         <name>.fardata:_stream</name>
         <load_address>0xc2493868</load_address>
         <run_address>0xc2493868</run_address>
         <size>0xa0</size>
         <input_file_ref idref="fl-58"/>
      </object_component>
      <object_component id="oc-3df">
         <name>.fardata</name>
         <load_address>0xc24939ac</load_address>
         <run_address>0xc24939ac</run_address>
         <size>0x4</size>
         <input_file_ref idref="fl-5a"/>
      </object_component>
      <object_component id="oc-3f6">
         <name>.fardata</name>
         <load_address>0xc2493998</load_address>
         <run_address>0xc2493998</run_address>
         <size>0x8</size>
         <input_file_ref idref="fl-68"/>
      </object_component>
      <object_component id="oc-159">
         <name>.neardata</name>
         <load_address>0xc2485b94</load_address>
         <run_address>0xc2485b94</run_address>
         <size>0x4</size>
         <input_file_ref idref="fl-13"/>
      </object_component>
      <object_component id="oc-16b">
         <name>.rodata</name>
         <load_address>0xc2485b98</load_address>
         <run_address>0xc2485b98</run_address>
         <size>0x8</size>
         <input_file_ref idref="fl-e"/>
      </object_component>
      <object_component id="oc-2b4">
         <name>.bss</name>
         <uninitialized>true</uninitialized>
         <run_address>0xc2485ba0</run_address>
         <size>0x4</size>
         <input_file_ref idref="fl-d"/>
      </object_component>
      <object_component id="oc-1da">
         <name>.common:LBufRecvCounter</name>
         <uninitialized>true</uninitialized>
         <run_address>0xc2485ba4</run_address>
         <size>0x4</size>
      </object_component>
      <object_component id="oc-331">
         <name>.debug_info</name>
         <load_address>0x0</load_address>
         <run_address>0x0</run_address>
         <size>0x134</size>
         <input_file_ref idref="fl-2"/>
      </object_component>
      <object_component id="oc-88">
         <name>.debug_info</name>
         <load_address>0x134</load_address>
         <run_address>0x134</run_address>
         <size>0xb2</size>
         <input_file_ref idref="fl-2"/>
      </object_component>
      <object_component id="oc-290">
         <name>.debug_info</name>
         <load_address>0x1e6</load_address>
         <run_address>0x1e6</run_address>
         <size>0x2c</size>
         <input_file_ref idref="fl-2"/>
      </object_component>
      <object_component id="oc-1e7">
         <name>.debug_info</name>
         <load_address>0x212</load_address>
         <run_address>0x212</run_address>
         <size>0xc6</size>
         <input_file_ref idref="fl-5"/>
      </object_component>
      <object_component id="oc-15e">
         <name>.debug_info</name>
         <load_address>0x2d8</load_address>
         <run_address>0x2d8</run_address>
         <size>0xd4</size>
         <input_file_ref idref="fl-5"/>
      </object_component>
      <object_component id="oc-161">
         <name>.debug_info</name>
         <load_address>0x3ac</load_address>
         <run_address>0x3ac</run_address>
         <size>0xd1</size>
         <input_file_ref idref="fl-5"/>
      </object_component>
      <object_component id="oc-167">
         <name>.debug_info</name>
         <load_address>0x47d</load_address>
         <run_address>0x47d</run_address>
         <size>0xd2</size>
         <input_file_ref idref="fl-5"/>
      </object_component>
      <object_component id="oc-164">
         <name>.debug_info</name>
         <load_address>0x54f</load_address>
         <run_address>0x54f</run_address>
         <size>0xd0</size>
         <input_file_ref idref="fl-5"/>
      </object_component>
      <object_component id="oc-c6">
         <name>.debug_info</name>
         <load_address>0x61f</load_address>
         <run_address>0x61f</run_address>
         <size>0x623</size>
         <input_file_ref idref="fl-6"/>
      </object_component>
      <object_component id="oc-77">
         <name>.debug_info</name>
         <load_address>0xc42</load_address>
         <run_address>0xc42</run_address>
         <size>0xd8</size>
         <input_file_ref idref="fl-6"/>
      </object_component>
      <object_component id="oc-1cf">
         <name>.debug_info</name>
         <load_address>0xd1a</load_address>
         <run_address>0xd1a</run_address>
         <size>0xd8</size>
         <input_file_ref idref="fl-6"/>
      </object_component>
      <object_component id="oc-147">
         <name>.debug_info</name>
         <load_address>0xdf2</load_address>
         <run_address>0xdf2</run_address>
         <size>0x1330</size>
         <input_file_ref idref="fl-6"/>
      </object_component>
      <object_component id="oc-2d">
         <name>.debug_info</name>
         <load_address>0x2122</load_address>
         <run_address>0x2122</run_address>
         <size>0x7c2</size>
         <input_file_ref idref="fl-6"/>
      </object_component>
      <object_component id="oc-126">
         <name>.debug_info</name>
         <load_address>0x28e4</load_address>
         <run_address>0x28e4</run_address>
         <size>0x2c</size>
         <input_file_ref idref="fl-6"/>
      </object_component>
      <object_component id="oc-154">
         <name>.debug_info</name>
         <load_address>0x2910</load_address>
         <run_address>0x2910</run_address>
         <size>0xd16</size>
         <input_file_ref idref="fl-7"/>
      </object_component>
      <object_component id="oc-24">
         <name>.debug_info</name>
         <load_address>0x3626</load_address>
         <run_address>0x3626</run_address>
         <size>0xde</size>
         <input_file_ref idref="fl-8"/>
      </object_component>
      <object_component id="oc-106">
         <name>.debug_info</name>
         <load_address>0x3704</load_address>
         <run_address>0x3704</run_address>
         <size>0x67d</size>
         <input_file_ref idref="fl-9"/>
      </object_component>
      <object_component id="oc-103">
         <name>.debug_info</name>
         <load_address>0x3d81</load_address>
         <run_address>0x3d81</run_address>
         <size>0xca</size>
         <input_file_ref idref="fl-9"/>
      </object_component>
      <object_component id="oc-100">
         <name>.debug_info</name>
         <load_address>0x3e4b</load_address>
         <run_address>0x3e4b</run_address>
         <size>0xcd</size>
         <input_file_ref idref="fl-9"/>
      </object_component>
      <object_component id="oc-9d">
         <name>.debug_info</name>
         <load_address>0x3f18</load_address>
         <run_address>0x3f18</run_address>
         <size>0x417</size>
         <input_file_ref idref="fl-9"/>
      </object_component>
      <object_component id="oc-12c">
         <name>.debug_info</name>
         <load_address>0x432f</load_address>
         <run_address>0x432f</run_address>
         <size>0xbb</size>
         <input_file_ref idref="fl-9"/>
      </object_component>
      <object_component id="oc-218">
         <name>.debug_info</name>
         <load_address>0x43ea</load_address>
         <run_address>0x43ea</run_address>
         <size>0x929</size>
         <input_file_ref idref="fl-a"/>
      </object_component>
      <object_component id="oc-202">
         <name>.debug_info</name>
         <load_address>0x4d13</load_address>
         <run_address>0x4d13</run_address>
         <size>0xe6</size>
         <input_file_ref idref="fl-a"/>
      </object_component>
      <object_component id="oc-205">
         <name>.debug_info</name>
         <load_address>0x4df9</load_address>
         <run_address>0x4df9</run_address>
         <size>0xea</size>
         <input_file_ref idref="fl-a"/>
      </object_component>
      <object_component id="oc-1ff">
         <name>.debug_info</name>
         <load_address>0x4ee3</load_address>
         <run_address>0x4ee3</run_address>
         <size>0xe6</size>
         <input_file_ref idref="fl-a"/>
      </object_component>
      <object_component id="oc-215">
         <name>.debug_info</name>
         <load_address>0x4fc9</load_address>
         <run_address>0x4fc9</run_address>
         <size>0xe0</size>
         <input_file_ref idref="fl-a"/>
      </object_component>
      <object_component id="oc-208">
         <name>.debug_info</name>
         <load_address>0x50a9</load_address>
         <run_address>0x50a9</run_address>
         <size>0xe5</size>
         <input_file_ref idref="fl-a"/>
      </object_component>
      <object_component id="oc-20b">
         <name>.debug_info</name>
         <load_address>0x518e</load_address>
         <run_address>0x518e</run_address>
         <size>0xe7</size>
         <input_file_ref idref="fl-a"/>
      </object_component>
      <object_component id="oc-20e">
         <name>.debug_info</name>
         <load_address>0x5275</load_address>
         <run_address>0x5275</run_address>
         <size>0xe9</size>
         <input_file_ref idref="fl-a"/>
      </object_component>
      <object_component id="oc-212">
         <name>.debug_info</name>
         <load_address>0x535e</load_address>
         <run_address>0x535e</run_address>
         <size>0xe4</size>
         <input_file_ref idref="fl-a"/>
      </object_component>
      <object_component id="oc-174">
         <name>.debug_info</name>
         <load_address>0x5442</load_address>
         <run_address>0x5442</run_address>
         <size>0x179b</size>
         <input_file_ref idref="fl-a"/>
      </object_component>
      <object_component id="oc-2b9">
         <name>.debug_info</name>
         <load_address>0x6bdd</load_address>
         <run_address>0x6bdd</run_address>
         <size>0x217</size>
         <input_file_ref idref="fl-a"/>
      </object_component>
      <object_component id="oc-1ac">
         <name>.debug_info</name>
         <load_address>0x6df4</load_address>
         <run_address>0x6df4</run_address>
         <size>0xc7a</size>
         <input_file_ref idref="fl-a"/>
      </object_component>
      <object_component id="oc-1ab">
         <name>.debug_info</name>
         <load_address>0x7a6e</load_address>
         <run_address>0x7a6e</run_address>
         <size>0x74e</size>
         <input_file_ref idref="fl-b"/>
      </object_component>
      <object_component id="oc-13b">
         <name>.debug_info</name>
         <load_address>0x81bc</load_address>
         <run_address>0x81bc</run_address>
         <size>0xbdc</size>
         <input_file_ref idref="fl-b"/>
      </object_component>
      <object_component id="oc-1a2">
         <name>.debug_info</name>
         <load_address>0x8d98</load_address>
         <run_address>0x8d98</run_address>
         <size>0x6cd</size>
         <input_file_ref idref="fl-c"/>
      </object_component>
      <object_component id="oc-19f">
         <name>.debug_info</name>
         <load_address>0x9465</load_address>
         <run_address>0x9465</run_address>
         <size>0xd9</size>
         <input_file_ref idref="fl-c"/>
      </object_component>
      <object_component id="oc-132">
         <name>.debug_info</name>
         <load_address>0x953e</load_address>
         <run_address>0x953e</run_address>
         <size>0x625</size>
         <input_file_ref idref="fl-c"/>
      </object_component>
      <object_component id="oc-224">
         <name>.debug_info</name>
         <load_address>0x9b63</load_address>
         <run_address>0x9b63</run_address>
         <size>0xfe</size>
         <input_file_ref idref="fl-c"/>
      </object_component>
      <object_component id="oc-2b8">
         <name>.debug_info</name>
         <load_address>0x9c61</load_address>
         <run_address>0x9c61</run_address>
         <size>0x77d</size>
         <input_file_ref idref="fl-d"/>
      </object_component>
      <object_component id="oc-2b5">
         <name>.debug_info</name>
         <load_address>0xa3de</load_address>
         <run_address>0xa3de</run_address>
         <size>0xdb</size>
         <input_file_ref idref="fl-d"/>
      </object_component>
      <object_component id="oc-1f9">
         <name>.debug_info</name>
         <load_address>0xa4b9</load_address>
         <run_address>0xa4b9</run_address>
         <size>0x53c</size>
         <input_file_ref idref="fl-d"/>
      </object_component>
      <object_component id="oc-170">
         <name>.debug_info</name>
         <load_address>0xa9f5</load_address>
         <run_address>0xa9f5</run_address>
         <size>0x835</size>
         <input_file_ref idref="fl-e"/>
      </object_component>
      <object_component id="oc-16c">
         <name>.debug_info</name>
         <load_address>0xb22a</load_address>
         <run_address>0xb22a</run_address>
         <size>0x10d</size>
         <input_file_ref idref="fl-e"/>
      </object_component>
      <object_component id="oc-f4">
         <name>.debug_info</name>
         <load_address>0xb337</load_address>
         <run_address>0xb337</run_address>
         <size>0x7ae</size>
         <input_file_ref idref="fl-e"/>
      </object_component>
      <object_component id="oc-1f2">
         <name>.debug_info</name>
         <load_address>0xbae5</load_address>
         <run_address>0xbae5</run_address>
         <size>0x3f5</size>
         <input_file_ref idref="fl-e"/>
      </object_component>
      <object_component id="oc-dc">
         <name>.debug_info</name>
         <load_address>0xbeda</load_address>
         <run_address>0xbeda</run_address>
         <size>0x335</size>
         <input_file_ref idref="fl-f"/>
      </object_component>
      <object_component id="oc-1db">
         <name>.debug_info</name>
         <load_address>0xc20f</load_address>
         <run_address>0xc20f</run_address>
         <size>0x784</size>
         <input_file_ref idref="fl-10"/>
      </object_component>
      <object_component id="oc-1d8">
         <name>.debug_info</name>
         <load_address>0xc993</load_address>
         <run_address>0xc993</run_address>
         <size>0xe3</size>
         <input_file_ref idref="fl-10"/>
      </object_component>
      <object_component id="oc-14f">
         <name>.debug_info</name>
         <load_address>0xca76</load_address>
         <run_address>0xca76</run_address>
         <size>0x9ba</size>
         <input_file_ref idref="fl-10"/>
      </object_component>
      <object_component id="oc-21f">
         <name>.debug_info</name>
         <load_address>0xd430</load_address>
         <run_address>0xd430</run_address>
         <size>0x72a</size>
         <input_file_ref idref="fl-11"/>
      </object_component>
      <object_component id="oc-178">
         <name>.debug_info</name>
         <load_address>0xdb5a</load_address>
         <run_address>0xdb5a</run_address>
         <size>0x5b4</size>
         <input_file_ref idref="fl-11"/>
      </object_component>
      <object_component id="oc-21a">
         <name>.debug_info</name>
         <load_address>0xe10e</load_address>
         <run_address>0xe10e</run_address>
         <size>0x4ba</size>
         <input_file_ref idref="fl-11"/>
      </object_component>
      <object_component id="oc-fc">
         <name>.debug_info</name>
         <load_address>0xe5c8</load_address>
         <run_address>0xe5c8</run_address>
         <size>0x373</size>
         <input_file_ref idref="fl-12"/>
      </object_component>
      <object_component id="oc-15a">
         <name>.debug_info</name>
         <load_address>0xe93b</load_address>
         <run_address>0xe93b</run_address>
         <size>0x11a</size>
         <input_file_ref idref="fl-13"/>
      </object_component>
      <object_component id="oc-ee">
         <name>.debug_info</name>
         <load_address>0xea55</load_address>
         <run_address>0xea55</run_address>
         <size>0xb5a</size>
         <input_file_ref idref="fl-13"/>
      </object_component>
      <object_component id="oc-e2">
         <name>.debug_info</name>
         <load_address>0xf5af</load_address>
         <run_address>0xf5af</run_address>
         <size>0x40d</size>
         <input_file_ref idref="fl-14"/>
      </object_component>
      <object_component id="oc-152">
         <name>.debug_info</name>
         <load_address>0xf9bc</load_address>
         <run_address>0xf9bc</run_address>
         <size>0x725</size>
         <input_file_ref idref="fl-15"/>
      </object_component>
      <object_component id="oc-e9">
         <name>.debug_info</name>
         <load_address>0x100e1</load_address>
         <run_address>0x100e1</run_address>
         <size>0x478</size>
         <input_file_ref idref="fl-15"/>
      </object_component>
      <object_component id="oc-7c">
         <name>.debug_info</name>
         <load_address>0x10559</load_address>
         <run_address>0x10559</run_address>
         <size>0x5d6</size>
         <input_file_ref idref="fl-33"/>
      </object_component>
      <object_component id="oc-33">
         <name>.debug_info</name>
         <load_address>0x10b2f</load_address>
         <run_address>0x10b2f</run_address>
         <size>0xed</size>
         <input_file_ref idref="fl-33"/>
      </object_component>
      <object_component id="oc-29">
         <name>.debug_info</name>
         <load_address>0x10c1c</load_address>
         <run_address>0x10c1c</run_address>
         <size>0x17a</size>
         <input_file_ref idref="fl-33"/>
      </object_component>
      <object_component id="oc-43">
         <name>.debug_info</name>
         <load_address>0x10d96</load_address>
         <run_address>0x10d96</run_address>
         <size>0x5ab</size>
         <input_file_ref idref="fl-34"/>
      </object_component>
      <object_component id="oc-12">
         <name>.debug_info</name>
         <load_address>0x11341</load_address>
         <run_address>0x11341</run_address>
         <size>0x1c4</size>
         <input_file_ref idref="fl-34"/>
      </object_component>
      <object_component id="oc-3e">
         <name>.debug_info</name>
         <load_address>0x11505</load_address>
         <run_address>0x11505</run_address>
         <size>0x46</size>
         <input_file_ref idref="fl-34"/>
      </object_component>
      <object_component id="oc-81">
         <name>.debug_info</name>
         <load_address>0x1154b</load_address>
         <run_address>0x1154b</run_address>
         <size>0x2c</size>
         <input_file_ref idref="fl-34"/>
      </object_component>
      <object_component id="oc-8e">
         <name>.debug_info</name>
         <load_address>0x11577</load_address>
         <run_address>0x11577</run_address>
         <size>0x595</size>
         <input_file_ref idref="fl-35"/>
      </object_component>
      <object_component id="oc-46">
         <name>.debug_info</name>
         <load_address>0x11b0c</load_address>
         <run_address>0x11b0c</run_address>
         <size>0x24c</size>
         <input_file_ref idref="fl-35"/>
      </object_component>
      <object_component id="oc-16">
         <name>.debug_info</name>
         <load_address>0x11d58</load_address>
         <run_address>0x11d58</run_address>
         <size>0x1a9</size>
         <input_file_ref idref="fl-35"/>
      </object_component>
      <object_component id="oc-4b">
         <name>.debug_info</name>
         <load_address>0x11f01</load_address>
         <run_address>0x11f01</run_address>
         <size>0x46</size>
         <input_file_ref idref="fl-35"/>
      </object_component>
      <object_component id="oc-96">
         <name>.debug_info</name>
         <load_address>0x11f47</load_address>
         <run_address>0x11f47</run_address>
         <size>0x2c</size>
         <input_file_ref idref="fl-35"/>
      </object_component>
      <object_component id="oc-8f">
         <name>.debug_info</name>
         <load_address>0x11f73</load_address>
         <run_address>0x11f73</run_address>
         <size>0x39</size>
         <input_file_ref idref="fl-35"/>
      </object_component>
      <object_component id="oc-1d4">
         <name>.debug_info</name>
         <load_address>0x11fac</load_address>
         <run_address>0x11fac</run_address>
         <size>0x10c</size>
         <input_file_ref idref="fl-38"/>
      </object_component>
      <object_component id="oc-ae">
         <name>.debug_info</name>
         <load_address>0x120b8</load_address>
         <run_address>0x120b8</run_address>
         <size>0x5bf</size>
         <input_file_ref idref="fl-39"/>
      </object_component>
      <object_component id="oc-a5">
         <name>.debug_info</name>
         <load_address>0x12677</load_address>
         <run_address>0x12677</run_address>
         <size>0x17d</size>
         <input_file_ref idref="fl-39"/>
      </object_component>
      <object_component id="oc-a9">
         <name>.debug_info</name>
         <load_address>0x127f4</load_address>
         <run_address>0x127f4</run_address>
         <size>0x10f</size>
         <input_file_ref idref="fl-39"/>
      </object_component>
      <object_component id="oc-64">
         <name>.debug_info</name>
         <load_address>0x12903</load_address>
         <run_address>0x12903</run_address>
         <size>0x16f</size>
         <input_file_ref idref="fl-39"/>
      </object_component>
      <object_component id="oc-39">
         <name>.debug_info</name>
         <load_address>0x12a72</load_address>
         <run_address>0x12a72</run_address>
         <size>0x119</size>
         <input_file_ref idref="fl-3a"/>
      </object_component>
      <object_component id="oc-95">
         <name>.debug_info</name>
         <load_address>0x12b8b</load_address>
         <run_address>0x12b8b</run_address>
         <size>0x674</size>
         <input_file_ref idref="fl-3b"/>
      </object_component>
      <object_component id="oc-53">
         <name>.debug_info</name>
         <load_address>0x131ff</load_address>
         <run_address>0x131ff</run_address>
         <size>0x21c</size>
         <input_file_ref idref="fl-3b"/>
      </object_component>
      <object_component id="oc-6b">
         <name>.debug_info</name>
         <load_address>0x1341b</load_address>
         <run_address>0x1341b</run_address>
         <size>0x140</size>
         <input_file_ref idref="fl-3c"/>
      </object_component>
      <object_component id="oc-1cd">
         <name>.debug_info</name>
         <load_address>0x1355b</load_address>
         <run_address>0x1355b</run_address>
         <size>0x6a5</size>
         <input_file_ref idref="fl-3d"/>
      </object_component>
      <object_component id="oc-1bc">
         <name>.debug_info</name>
         <load_address>0x13c00</load_address>
         <run_address>0x13c00</run_address>
         <size>0x144</size>
         <input_file_ref idref="fl-3d"/>
      </object_component>
      <object_component id="oc-1c1">
         <name>.debug_info</name>
         <load_address>0x13d44</load_address>
         <run_address>0x13d44</run_address>
         <size>0x153</size>
         <input_file_ref idref="fl-3d"/>
      </object_component>
      <object_component id="oc-13e">
         <name>.debug_info</name>
         <load_address>0x13e97</load_address>
         <run_address>0x13e97</run_address>
         <size>0x190</size>
         <input_file_ref idref="fl-3d"/>
      </object_component>
      <object_component id="oc-2a6">
         <name>.debug_info</name>
         <load_address>0x14027</load_address>
         <run_address>0x14027</run_address>
         <size>0xae</size>
         <input_file_ref idref="fl-3d"/>
      </object_component>
      <object_component id="oc-236">
         <name>.debug_info</name>
         <load_address>0x140d5</load_address>
         <run_address>0x140d5</run_address>
         <size>0x630</size>
         <input_file_ref idref="fl-3e"/>
      </object_component>
      <object_component id="oc-1a7">
         <name>.debug_info</name>
         <load_address>0x14705</load_address>
         <run_address>0x14705</run_address>
         <size>0x1af</size>
         <input_file_ref idref="fl-3e"/>
      </object_component>
      <object_component id="oc-233">
         <name>.debug_info</name>
         <load_address>0x148b4</load_address>
         <run_address>0x148b4</run_address>
         <size>0x185</size>
         <input_file_ref idref="fl-3e"/>
      </object_component>
      <object_component id="oc-22d">
         <name>.debug_info</name>
[...]
         <name>LBufRecvCounter</name>
         <value>0xc2485ba4</value>
      </symbol>
      <symbol id="sm-3ba">
         <name>RK6748_uartSend</name>
         <value>0xc248bd60</value>
         <object_component_ref idref="oc-14b"/>
      </symbol>
      <symbol id="sm-3bb">
         <name>RK6748_uartIntDisable</name>
         <value>0xc248c034</value>
         <object_component_ref idref="oc-14b"/>
      </symbol>
      <symbol id="sm-3bc">
         <name>RK6748_uartSendByte</name>
         <value>0xc248be90</value>
         <object_component_ref idref="oc-14b"/>
      </symbol>
      <symbol id="sm-3bd">
         <name>RK6748_uartRxInt2</name>
         <value>0xc248bff8</value>
         <object_component_ref idref="oc-14b"/>
      </symbol>
      <symbol id="sm-3be">
         <name>RK6748_uartRxInt1</name>
         <value>0xc248bfec</value>
         <object_component_ref idref="oc-14b"/>
      </symbol>
      <symbol id="sm-3bf">
         <name>RK6748_uartRxInt0</name>
         <value>0xc248bfe0</value>
         <object_component_ref idref="oc-14b"/>
      </symbol>
      <symbol id="sm-3c0">
         <name>RK6748_uartRx</name>
         <value>0xc248bf08</value>
         <object_component_ref idref="oc-14b"/>
      </symbol>
      <symbol id="sm-3c1">
         <name>RK6748_uartBase</name>
         <value>0xc2493980</value>
         <object_component_ref idref="oc-1d7"/>
      </symbol>
      <symbol id="sm-3c2">
         <name>RK6748_uartIntEnable</name>
         <value>0xc248c008</value>
         <object_component_ref idref="oc-14b"/>
      </symbol>
      <symbol id="sm-3c3">
         <name>RK6748_uartInit</name>
         <value>0xc248bb20</value>
         <object_component_ref idref="oc-14b"/>
      </symbol>
      <symbol id="sm-3f5">
         <name>VPIF_initTransmit</name>
         <value>0xc248c7b0</value>
         <object_component_ref idref="oc-177"/>
      </symbol>
      <symbol id="sm-3f6">
         <name>VPIF_initReceive</name>
         <value>0xc248c5e0</value>
         <object_component_ref idref="oc-177"/>
      </symbol>
      <symbol id="sm-41f">
         <name>rgb565_test</name>
         <value>0xc2490960</value>
         <object_component_ref idref="oc-f9"/>
      </symbol>
      <symbol id="sm-420">
         <name>TEST_imageSensor</name>
         <value>0xc24909b0</value>
         <object_component_ref idref="oc-f9"/>
      </symbol>
      <symbol id="sm-488">
         <name>TEST_key_interrupt</name>
         <value>0xc248c340</value>
         <object_component_ref idref="oc-ed"/>
      </symbol>
      <symbol id="sm-489">
         <name>LED3_overturn</name>
         <value>0xc248c0ec</value>
         <object_component_ref idref="oc-ed"/>
      </symbol>
      <symbol id="sm-48a">
         <name>start_keys_scan</name>
         <value>0xc248c3a0</value>
         <object_component_ref idref="oc-ed"/>
      </symbol>
      <symbol id="sm-48b">
         <name>LED4_overturn</name>
         <value>0xc248c16c</value>
         <object_component_ref idref="oc-ed"/>
      </symbol>
      <symbol id="sm-48c">
         <name>LED4_ON</name>
         <value>0xc248c148</value>
         <object_component_ref idref="oc-ed"/>
      </symbol>
      <symbol id="sm-48d">
         <name>key_done_flag</name>
         <value>0xc2485b94</value>
         <object_component_ref idref="oc-159"/>
      </symbol>
      <symbol id="sm-48e">
         <name>LED3_ON</name>
         <value>0xc248c0c8</value>
         <object_component_ref idref="oc-ed"/>
      </symbol>
      <symbol id="sm-48f">
         <name>select_delay_display</name>
         <value>0xc248c5d4</value>
         <object_component_ref idref="oc-ed"/>
      </symbol>
      <symbol id="sm-490">
         <name>InterruptInit</name>
         <value>0xc248c240</value>
         <object_component_ref idref="oc-ed"/>
      </symbol>
      <symbol id="sm-491">
         <name>delays</name>
         <value>0xc248c080</value>
         <object_component_ref idref="oc-ed"/>
      </symbol>
      <symbol id="sm-492">
         <name>Flag</name>
         <value>0xc2485b95</value>
         <object_component_ref idref="oc-159"/>
      </symbol>
      <symbol id="sm-493">
         <name>GPIOBankPinInterruptInit</name>
         <value>0xc248c2ec</value>
         <object_component_ref idref="oc-ed"/>
      </symbol>
      <symbol id="sm-494">
         <name>count</name>
         <value>0xc2485b96</value>
         <object_component_ref idref="oc-159"/>
      </symbol>
      <symbol id="sm-495">
         <name>KEYIsr</name>
         <value>0xc248c250</value>
         <object_component_ref idref="oc-ed"/>
      </symbol>
      <symbol id="sm-496">
         <name>LED3_OFF</name>
         <value>0xc248c0d8</value>
         <object_component_ref idref="oc-ed"/>
      </symbol>
      <symbol id="sm-497">
         <name>KEY_init</name>
         <value>0xc248c1c8</value>
         <object_component_ref idref="oc-ed"/>
      </symbol>
      <symbol id="sm-498">
         <name>LED4_OFF</name>
         <value>0xc248c158</value>
         <object_component_ref idref="oc-ed"/>
      </symbol>
      <symbol id="sm-4ba">
         <name>TEST_led</name>
         <value>0xc2490b34</value>
         <object_component_ref idref="oc-e1"/>
      </symbol>
      <symbol id="sm-4bb">
         <name>LED1_OFF</name>
         <value>0xc2490a90</value>
         <object_component_ref idref="oc-e1"/>
      </symbol>
      <symbol id="sm-4bc">
         <name>LED2_ON</name>
         <value>0xc2490aa4</value>
         <object_component_ref idref="oc-e1"/>
      </symbol>
      <symbol id="sm-4bd">
         <name>LED2_OFF</name>
         <value>0xc2490ab4</value>
         <object_component_ref idref="oc-e1"/>
      </symbol>
      <symbol id="sm-4be">
         <name>LED_init</name>
         <value>0xc2490ac8</value>
         <object_component_ref idref="oc-e1"/>
      </symbol>
      <symbol id="sm-4bf">
         <name>LED1_ON</name>
         <value>0xc2490a80</value>
         <object_component_ref idref="oc-e1"/>
      </symbol>
      <symbol id="sm-4e0">
         <name>DebugUartInit</name>
         <value>0xc249100c</value>
         <object_component_ref idref="oc-e7"/>
      </symbol>
      <symbol id="sm-4e1">
         <name>DebugPrintf</name>
         <value>0xc2491034</value>
         <object_component_ref idref="oc-e7"/>
      </symbol>
      <symbol id="sm-4e2">
         <name>Uart2Init</name>
         <value>0xc2491058</value>
         <object_component_ref idref="oc-e7"/>
      </symbol>
      <symbol id="sm-4f8">
         <name>_c_int00</name>
         <value>0xc2000000</value>
         <object_component_ref idref="oc-21"/>
      </symbol>
      <symbol id="sm-4f9">
         <name>_stack</name>
         <value>0xc2385af0</value>
         <object_component_ref idref="oc-32"/>
      </symbol>
      <symbol id="sm-510">
         <name>__TI_decompress_none</name>
         <value>0xc24926c0</value>
         <object_component_ref idref="oc-f"/>
      </symbol>
      <symbol id="sm-53b">
         <name>__TI_decompress_rle24</name>
         <value>0xc24926e0</value>
         <object_component_ref idref="oc-15"/>
      </symbol>
      <symbol id="sm-546">
         <name>__c6xabi_divu</name>
         <value>0xc24919e0</value>
         <object_component_ref idref="oc-1d2"/>
      </symbol>
      <symbol id="sm-547">
         <name>__divu</name>
         <value>0xc24919e0</value>
         <object_component_ref idref="oc-1d2"/>
      </symbol>
      <symbol id="sm-568">
         <name>C$$EXIT</name>
         <value>0xc24926a0</value>
         <object_component_ref idref="oc-a7"/>
      </symbol>
      <symbol id="sm-569">
         <name>abort</name>
         <value>0xc24926a0</value>
         <object_component_ref idref="oc-a7"/>
      </symbol>
      <symbol id="sm-56a">
         <name>exit</name>
         <value>0xc2491420</value>
         <object_component_ref idref="oc-62"/>
      </symbol>
      <symbol id="sm-56b">
         <name>__TI_dtors_ptr</name>
         <value>0xc2493990</value>
         <object_component_ref idref="oc-a4"/>
      </symbol>
      <symbol id="sm-56c">
         <name>__TI_cleanup_ptr</name>
         <value>0xc249398c</value>
         <object_component_ref idref="oc-a4"/>
      </symbol>
      <symbol id="sm-56d">
         <name>__TI_enable_exit_profile_output</name>
         <value>0xc2493994</value>
         <object_component_ref idref="oc-a4"/>
      </symbol>
      <symbol id="sm-576">
         <name>memcpy</name>
         <value>0xc2491ec0</value>
         <object_component_ref idref="oc-38"/>
      </symbol>
      <symbol id="sm-586">
         <name>memset</name>
         <value>0xc24915e0</value>
         <object_component_ref idref="oc-50"/>
      </symbol>
      <symbol id="sm-58f">
         <name>_system_pre_init</name>
         <value>0xc2492680</value>
         <object_component_ref idref="oc-68"/>
      </symbol>
      <symbol id="sm-5b8">
         <name>printf</name>
         <value>0xc24916c0</value>
         <object_component_ref idref="oc-13d"/>
      </symbol>
      <symbol id="sm-5db">
         <name>sprintf</name>
         <value>0xc24923e0</value>
         <object_component_ref idref="oc-1a4"/>
      </symbol>
      <symbol id="sm-5f2">
         <name>_nop</name>
         <value>0xc24925e0</value>
         <object_component_ref idref="oc-239"/>
      </symbol>
      <symbol id="sm-5f3">
         <name>_lock</name>
         <value>0xc24939a0</value>
         <object_component_ref idref="oc-1b1"/>
      </symbol>
      <symbol id="sm-5f4">
         <name>_unlock</name>
         <value>0xc24939a4</value>
         <object_component_ref idref="oc-1b7"/>
      </symbol>
      <symbol id="sm-7c0">
         <name>__TI_printfi</name>
         <value>0xc2485c00</value>
         <object_component_ref idref="oc-1c6"/>
      </symbol>
      <symbol id="sm-7d2">
         <name>_args_main</name>
         <value>0xc2492560</value>
         <object_component_ref idref="oc-5c"/>
      </symbol>
      <symbol id="sm-7e6">
         <name>atoi</name>
         <value>0xc2490da0</value>
         <object_component_ref idref="oc-256"/>
      </symbol>
      <symbol id="sm-80c">
         <name>_auto_init_elf</name>
         <value>0xc2490460</value>
         <object_component_ref idref="oc-6e"/>
      </symbol>
      <symbol id="sm-824">
         <name>copy_in</name>
         <value>0xc2490ea0</value>
         <object_component_ref idref="oc-b0"/>
      </symbol>
      <symbol id="sm-82e">
         <name>_ctypes_</name>
         <value>0xc23854e0</value>
         <object_component_ref idref="oc-2f1"/>
      </symbol>
      <symbol id="sm-83e">
         <name>__TI_tmpnams</name>
         <value>0xc2493500</value>
      </symbol>
      <symbol id="sm-83f">
         <name>_ftable</name>
         <value>0xc2493688</value>
         <object_component_ref idref="oc-1b4"/>
      </symbol>
      <symbol id="sm-840">
         <name>__TI_ft_end</name>
         <value>0xc24939a8</value>
         <object_component_ref idref="oc-3ec"/>
      </symbol>
      <symbol id="sm-85f">
         <name>__c6xabi_divd</name>
         <value>0xc248afc0</value>
         <object_component_ref idref="oc-305"/>
      </symbol>
      <symbol id="sm-87d">
         <name>putc</name>
         <value>0xc248f3e0</value>
         <object_component_ref idref="oc-248"/>
      </symbol>
      <symbol id="sm-87e">
         <name>fputc</name>
         <value>0xc248f3e0</value>
         <object_component_ref idref="oc-248"/>
      </symbol>
      <symbol id="sm-8aa">
         <name>fputs</name>
         <value>0xc248dd40</value>
         <object_component_ref idref="oc-24f"/>
      </symbol>
      <symbol id="sm-8bd">
         <name>__TI_frcmpyd_div</name>
         <value>0xc24924a0</value>
         <object_component_ref idref="oc-36f"/>
      </symbol>
      <symbol id="sm-8d1">
         <name>frexpl</name>
         <value>0xc248fe00</value>
         <object_component_ref idref="oc-320"/>
      </symbol>
      <symbol id="sm-8d2">
         <name>frexp</name>
         <value>0xc248fe00</value>
         <object_component_ref idref="oc-320"/>
      </symbol>
      <symbol id="sm-8e3">
         <name>__c6xabi_divul</name>
         <value>0xc248fa20</value>
         <object_component_ref idref="oc-2fd"/>
      </symbol>
      <symbol id="sm-8ff">
         <name>_subcull</name>
         <value>0xc24922c0</value>
         <object_component_ref idref="oc-35f"/>
      </symbol>
      <symbol id="sm-900">
         <name>__c6xabi_divull</name>
         <value>0xc248ef40</value>
         <object_component_ref idref="oc-2f7"/>
      </symbol>
      <symbol id="sm-909">
         <name>__c6xabi_isinf</name>
         <value>0xc24924e0</value>
         <object_component_ref idref="oc-268"/>
      </symbol>
      <symbol id="sm-91d">
         <name>ldexpl</name>
         <value>0xc2490160</value>
         <object_component_ref idref="oc-326"/>
      </symbol>
      <symbol id="sm-91e">
         <name>ldexp</name>
         <value>0xc2490160</value>
         <object_component_ref idref="oc-326"/>
      </symbol>
      <symbol id="sm-93a">
         <name>__c6xabi_llshru</name>
         <value>0xc2492260</value>
         <object_component_ref idref="oc-365"/>
      </symbol>
      <symbol id="sm-93b">
         <name>__c6xabi_llshl</name>
         <value>0xc2492080</value>
         <object_component_ref idref="oc-359"/>
      </symbol>
      <symbol id="sm-94b">
         <name>ltoa</name>
         <value>0xc2491500</value>
         <object_component_ref idref="oc-30b"/>
      </symbol>
      <symbol id="sm-95c">
         <name>memccpy</name>
         <value>0xc2492380</value>
         <object_component_ref idref="oc-286"/>
      </symbol>
      <symbol id="sm-965">
         <name>_system_post_cinit</name>
         <value>0xc2492660</value>
         <object_component_ref idref="oc-b6"/>
      </symbol>
      <symbol id="sm-97e">
         <name>__TI_tls_init</name>
         <value>0xc2491c20</value>
         <object_component_ref idref="oc-bc"/>
      </symbol>
      <symbol id="sm-9a2">
         <name>_stream</name>
         <value>0xc2493868</value>
         <object_component_ref idref="oc-349"/>
      </symbol>
      <symbol id="sm-9a3">
         <name>_device</name>
         <value>0xc2493908</value>
         <object_component_ref idref="oc-3b5"/>
      </symbol>
      <symbol id="sm-9a4">
         <name>write</name>
         <value>0xc2492440</value>
         <object_component_ref idref="oc-2e1"/>
      </symbol>
      <symbol id="sm-9ba">
         <name>__TI_wrt_ok</name>
         <value>0xc2490ca0</value>
         <object_component_ref idref="oc-2db"/>
      </symbol>
      <symbol id="sm-9cb">
         <name>__errno</name>
         <value>0xc24939ac</value>
         <object_component_ref idref="oc-3df"/>
      </symbol>
      <symbol id="sm-9cc">
         <name>errno</name>
         <value>0xc24939ac</value>
         <object_component_ref idref="oc-3df"/>
      </symbol>
      <symbol id="sm-9cd">
         <name>__c6xabi_errno_addr</name>
         <value>0xc248fbe0</value>
         <object_component_ref idref="oc-384"/>
      </symbol>
      <symbol id="sm-9dc">
         <name>__TI_doflush</name>
         <value>0xc2491920</value>
         <object_component_ref idref="oc-2e7"/>
      </symbol>
      <symbol id="sm-9f1">
         <name>fseek</name>
         <value>0xc2490840</value>
         <object_component_ref idref="oc-33b"/>
      </symbol>
      <symbol id="sm-a01">
         <name>HOSTclose</name>
         <value>0xc2491ce0</value>
         <object_component_ref idref="oc-415"/>
      </symbol>
      <symbol id="sm-a11">
         <name>HOSTlseek</name>
         <value>0xc24910a0</value>
         <object_component_ref idref="oc-427"/>
      </symbol>
      <symbol id="sm-a25">
         <name>parmbuf</name>
         <value>0xc2493680</value>
      </symbol>
      <symbol id="sm-a26">
         <name>HOSTopen</name>
         <value>0xc2491180</value>
         <object_component_ref idref="oc-40f"/>
      </symbol>
      <symbol id="sm-a36">
         <name>HOSTread</name>
         <value>0xc24917a0</value>
         <object_component_ref idref="oc-41b"/>
      </symbol>
      <symbol id="sm-a54">
         <name>HOSTrename</name>
         <value>0xc248ffc0</value>
         <object_component_ref idref="oc-433"/>
      </symbol>
      <symbol id="sm-a67">
         <name>HOSTunlink</name>
         <value>0xc2491860</value>
         <object_component_ref idref="oc-42d"/>
      </symbol>
      <symbol id="sm-a77">
         <name>HOSTwrite</name>
         <value>0xc2491260</value>
         <object_component_ref idref="oc-421"/>
      </symbol>
      <symbol id="sm-a86">
         <name>lseek</name>
         <value>0xc2492320</value>
         <object_component_ref idref="oc-392"/>
      </symbol>
      <symbol id="sm-aa0">
         <name>setvbuf</name>
         <value>0xc248f600</value>
         <object_component_ref idref="oc-341"/>
      </symbol>
      <symbol id="sm-ac6">
         <name>__TI_readmsg</name>
         <value>0xc2492000</value>
         <object_component_ref idref="oc-467"/>
      </symbol>
      <symbol id="sm-ac7">
         <name>C$$IO$$</name>
         <value>0xc2492258</value>
         <object_component_ref idref="oc-461"/>
      </symbol>
      <symbol id="sm-ac8">
         <name>__CIOBUF_</name>
         <value>0xc24939b0</value>
         <object_component_ref idref="oc-488"/>
      </symbol>
      <symbol id="sm-ac9">
         <name>__TI_writemsg</name>
         <value>0xc2492200</value>
         <object_component_ref idref="oc-461"/>
      </symbol>
      <symbol id="sm-adc">
         <name>__TI_cleanup</name>
         <value>0xc2491d80</value>
         <object_component_ref idref="oc-39a"/>
      </symbol>
      <symbol id="sm-b51">
         <name>_sys_memory</name>
         <value>0xc2492700</value>
         <object_component_ref idref="oc-35"/>
      </symbol>
      <symbol id="sm-b52">
         <name>free</name>
         <value>0xc248d4e0</value>
         <object_component_ref idref="oc-3a0"/>
      </symbol>
      <symbol id="sm-b53">
         <name>malloc</name>
         <value>0xc24902e0</value>
         <object_component_ref idref="oc-3a6"/>
      </symbol>
      <symbol id="sm-b54">
         <name>_minit</name>
         <value>0xc2491e20</value>
         <object_component_ref idref="oc-406"/>
      </symbol>
      <symbol id="sm-b6b">
         <name>__TI_closefile</name>
         <value>0xc24905c0</value>
         <object_component_ref idref="oc-3ef"/>
      </symbol>
      <symbol id="sm-b98">
         <name>finddevice</name>
         <value>0xc2492100</value>
         <object_component_ref idref="oc-49c"/>
      </symbol>
      <symbol id="sm-b99">
         <name>getdevice</name>
         <value>0xc2490700</value>
         <object_component_ref idref="oc-47c"/>
      </symbol>
      <symbol id="sm-baa">
         <name>unlink</name>
         <value>0xc2492180</value>
         <object_component_ref idref="oc-450"/>
      </symbol>
      <symbol id="sm-bbc">
         <name>close</name>
         <value>0xc2491340</value>
         <object_component_ref idref="oc-44a"/>
      </symbol>
      <symbol id="sm-bbd">
         <name>__TI_STATIC_BASE</name>
         <value>0xc2485b94</value>
      </symbol>
      <symbol id="sm-bc1">
         <name>__TI_INITARRAY_Limit</name>
         <value>0x0</value>
      </symbol>
      <symbol id="sm-bc2">
         <name>__TI_INITARRAY_Base</name>
         <value>0x0</value>
      </symbol>
      <symbol id="sm-bc3">
         <name>__TI_TLS_INIT_Base</name>
         <value>0x0</value>
      </symbol>
      <symbol id="sm-bc4">
         <name>__TI_TLS_INIT_Limit</name>
         <value>0x0</value>
      </symbol>
      <symbol id="sm-bc5">
         <name>remove</name>
         <value>0xc2492180</value>
      </symbol>
   </symbol_table>
   <title>Link successful</title>
</link_info>
